// Jest Snapshot v1, https://goo.gl/fbAQLP

exports[`<GameDetails /> should render the heading 1`] = `
.c2 {
  color: #FAFAFA;
  padding-left: 0.8rem;
  border-left: 0.7rem solid #3CD3C1;
  font-size: 2.0rem;
}

.c1 {
  display: none;
}

.c0 {
  margin: 2.4rem 0;
}

.c3 {
  display: grid;
  gap: 1.6rem;
  grid-template-columns: repeat(2,1fr);
  margin-top: 2.4rem;
}

.c4 {
  font-size: 1.4rem;
  font-weight: 300;
  color: #FAFAFA;
}

.c5 {
  font-size: 1.6rem;
  font-weight: 600;
  color: #FAFAFA;
}

@media (min-width:768px) {
  .c2 {
    font-size: 2.8rem;
  }
}

@media (min-width:450px) {
  .c1 {
    display: block;
  }
}

@media (min-width:768px) {
  .c3 {
    grid-template-columns: repeat(3,1fr);
  }
}

@media (min-width:1170px) {
  .c3 {
    grid-template-columns: repeat(6,1fr);
  }
}

<div
  class="c0"
>
  <div
    class="c1"
  >
    <h2
      class="c2"
      color="white"
    >
      Game Details
    </h2>
  </div>
  <div
    class="c3"
  >
    <div
      class=""
    >
      <h3
        class="c4"
      >
        Developer
      </h3>
      <p
        class="c5"
      >
        Gearbox Software
      </p>
    </div>
    <div
      class=""
    >
      <h3
        class="c4"
      >
        Release Date
      </h3>
      <p
        class="c5"
      >
        Nov 16, 2019
      </p>
    </div>
    <div
      class=""
    >
      <h3
        class="c4"
      >
        Platforms
      </h3>
    </div>
    <div
      class=""
    >
      <h3
        class="c4"
      >
        Publisher
      </h3>
      <p
        class="c5"
      >
        2K
      </p>
    </div>
    <div
      class=""
    >
      <h3
        class="c4"
      >
        Rating
      </h3>
      <p
        class="c5"
      >
        18+
      </p>
    </div>
    <div
      class=""
    >
      <h3
        class="c4"
      >
        Genres
      </h3>
      <p
        class="c5"
      >
        Action / Adventure
      </p>
    </div>
  </div>
</div>
`
