// Jest Snapshot v1, https://goo.gl/fbAQLP

exports[`<Gallery /> should render the heading 1`] = `
.c2 {
  display: inline-block;
  vertical-align: middle;
  overflow: hidden;
}

.c1 .slick-slider {
  position: relative;
  display: block;
  box-sizing: border-box;
  -webkit-user-select: none;
  -moz-user-select: none;
  -ms-user-select: none;
  -webkit-user-select: none;
  -moz-user-select: none;
  -ms-user-select: none;
  user-select: none;
  -webkit-touch-callout: none;
  -khtml-user-select: none;
  -ms-touch-action: pan-y;
  touch-action: pan-y;
  -webkit-tap-highlight-color: transparent;
}

.c1 .slick-list {
  position: relative;
  display: block;
  overflow: hidden;
  margin: 0;
  padding: 0;
}

.c1 .slick-list:focus {
  outline: none;
}

.c1 .slick-list.dragging {
  cursor: pointer;
  cursor: hand;
}

.c1 .slick-slider .slick-track,
.c1 .slick-slider .slick-list {
  -webkit-transform: translate3d(0,0,0);
  -moz-transform: translate3d(0,0,0);
  -ms-transform: translate3d(0,0,0);
  -o-transform: translate3d(0,0,0);
  -webkit-transform: translate3d(0,0,0);
  -ms-transform: translate3d(0,0,0);
  transform: translate3d(0,0,0);
}

.c1 .slick-track {
  position: relative;
  top: 0;
  left: 0;
  display: block;
}

.c1 .slick-track:before,
.c1 .slick-track:after {
  display: table;
  content: '';
}

.c1 .slick-track:after {
  clear: both;
}

.c1 .slick-loading .slick-track {
  visibility: hidden;
}

.c1 .slick-slide {
  display: none;
  float: left;
  height: 100%;
  min-height: 1px;
}

.c1 [dir='rtl'] .slick-slide {
  float: right;
}

.c1 .slick-slide img {
  display: block;
}

.c1 .slick-slide.slick-loading img {
  display: none;
}

.c1 .slick-slide.dragging img {
  pointer-events: none;
}

.c1 .slick-initialized .slick-slide {
  display: block;
}

.c1 .slick-loading .slick-slide {
  visibility: hidden;
}

.c1 .slick-vertical .slick-slide {
  display: block;
  height: auto;
  border: 1px solid transparent;
}

.c1 .slick-arrow.slick-hidden {
  display: none;
}

.c0 .slick-prev,
.c0 .slick-next {
  display: block;
  color: #FAFAFA;
  cursor: pointer;
  position: absolute;
  top: 50%;
  width: 2.5rem;
  height: 2.5rem;
  padding: 0;
  -webkit-transform: translate(0,-50%);
  -ms-transform: translate(0,-50%);
  transform: translate(0,-50%);
}

.c0 .slick-prev {
  left: -5.6rem;
}

.c0 .slick-next {
  right: -5.6rem;
}

.c0 .slick-prev.slick-disabled,
.c0 .slick-next.slick-disabled {
  visibility: hidden;
}

.c0 .slick-slide > div {
  margin: 0 1.6rem;
  cursor: pointer;
}

.c0 .slick-list {
  margin: 0 -1.6rem;
}

@media (max-width:1440px) {
  .c0 {
    overflow-x: hidden;
  }
}

<div
  class="c0"
>
  <section
    class="c1"
  >
    <div
      class="slick-slider slick-initialized"
      dir="ltr"
    >
      <svg
        aria-hidden="true"
        aria-label="previous image"
        class="c2 slick-arrow slick-prev slick-disabled"
        data-role="none"
        fill="currentColor"
        focusable="false"
        style="display: block;"
        viewBox="0 0 24 24"
        xmlns="http://www.w3.org/2000/svg"
      >
        <path
          d="M0 0h24v24H0V0z"
          fill="none"
          opacity="0.87"
        />
        <path
          d="M17.51 3.87L15.73 2.1 5.84 12l9.9 9.9 1.77-1.77L9.38 12l8.13-8.13z"
        />
      </svg>
      <div
        class="slick-list"
      >
        <div
          class="slick-track"
          style="opacity: 1; transform: translate3d(0px, 0px, 0px);"
        >
          <div
            aria-hidden="false"
            class="slick-slide slick-active slick-current"
            data-index="0"
            style="outline: none; width: 0px;"
            tabindex="-1"
          >
            <div>
              <img
                alt="Thumb - Gallery Image 1"
                role="button"
                src="/img/games/cyberpunk-1.jpg"
                style="width: 100%; display: inline-block;"
                tabindex="-1"
              />
            </div>
          </div>
          <div
            aria-hidden="false"
            class="slick-slide slick-active"
            data-index="1"
            style="outline: none; width: 0px;"
            tabindex="-1"
          >
            <div>
              <img
                alt="Thumb - Gallery Image 2"
                role="button"
                src="/img/games/cyberpunk-2.jpg"
                style="width: 100%; display: inline-block;"
                tabindex="-1"
              />
            </div>
          </div>
          <div
            aria-hidden="false"
            class="slick-slide slick-active"
            data-index="2"
            style="outline: none; width: 0px;"
            tabindex="-1"
          >
            <div>
              <img
                alt="Thumb - Gallery Image 3"
                role="button"
                src="/img/games/cyberpunk-3.jpg"
                style="width: 100%; display: inline-block;"
                tabindex="-1"
              />
            </div>
          </div>
          <div
            aria-hidden="false"
            class="slick-slide slick-active"
            data-index="3"
            style="outline: none; width: 0px;"
            tabindex="-1"
          >
            <div>
              <img
                alt="Thumb - Gallery Image 4"
                role="button"
                src="/img/games/cyberpunk-4.jpg"
                style="width: 100%; display: inline-block;"
                tabindex="-1"
              />
            </div>
          </div>
          <div
            aria-hidden="true"
            class="slick-slide"
            data-index="4"
            style="outline: none; width: 0px;"
            tabindex="-1"
          >
            <div>
              <img
                alt="Thumb - Gallery Image 5"
                role="button"
                src="/img/games/cyberpunk-5.jpg"
                style="width: 100%; display: inline-block;"
                tabindex="-1"
              />
            </div>
          </div>
          <div
            aria-hidden="true"
            class="slick-slide"
            data-index="5"
            style="outline: none; width: 0px;"
            tabindex="-1"
          >
            <div>
              <img
                alt="Thumb - Gallery Image 6"
                role="button"
                src="/img/games/cyberpunk-6.jpg"
                style="width: 100%; display: inline-block;"
                tabindex="-1"
              />
            </div>
          </div>
        </div>
      </div>
      <svg
        aria-hidden="true"
        aria-label="next image"
        class="c2 slick-arrow slick-next"
        data-role="none"
        fill="currentColor"
        focusable="false"
        style="display: block;"
        viewBox="0 0 24 24"
        xmlns="http://www.w3.org/2000/svg"
      >
        <path
          d="M24 24H0V0h24v24z"
          fill="none"
          opacity="0.87"
        />
        <path
          d="M6.49 20.13l1.77 1.77 9.9-9.9-9.9-9.9-1.77 1.77L14.62 12l-8.13 8.13z"
        />
      </svg>
    </div>
  </section>
</div>
`
